Archive member included to satisfy reference by file (symbol)

d:/hcmut/vxl/stm32cubeide_1.7.0/stm32cubeide/plugins/com.st.stm32cube.ide.mcu.externaltools.gnu-tools-for-stm32.9-2020-q2-update.win32_2.0.0.202105311346/tools/bin/../lib/gcc/arm-none-eabi/9.3.1/../../../../arm-none-eabi/lib/thumb/v7-m/nofp\libc_nano.a(lib_a-errno.o)
                              ./Core/Src/syscalls.o (__errno)
d:/hcmut/vxl/stm32cubeide_1.7.0/stm32cubeide/plugins/com.st.stm32cube.ide.mcu.externaltools.gnu-tools-for-stm32.9-2020-q2-update.win32_2.0.0.202105311346/tools/bin/../lib/gcc/arm-none-eabi/9.3.1/../../../../arm-none-eabi/lib/thumb/v7-m/nofp\libc_nano.a(lib_a-exit.o)
                              d:/hcmut/vxl/stm32cubeide_1.7.0/stm32cubeide/plugins/com.st.stm32cube.ide.mcu.externaltools.gnu-tools-for-stm32.9-2020-q2-update.win32_2.0.0.202105311346/tools/bin/../lib/gcc/arm-none-eabi/9.3.1/../../../../arm-none-eabi/lib/thumb/v7-m/nofp/crt0.o (exit)
d:/hcmut/vxl/stm32cubeide_1.7.0/stm32cubeide/plugins/com.st.stm32cube.ide.mcu.externaltools.gnu-tools-for-stm32.9-2020-q2-update.win32_2.0.0.202105311346/tools/bin/../lib/gcc/arm-none-eabi/9.3.1/../../../../arm-none-eabi/lib/thumb/v7-m/nofp\libc_nano.a(lib_a-impure.o)
                              d:/hcmut/vxl/stm32cubeide_1.7.0/stm32cubeide/plugins/com.st.stm32cube.ide.mcu.externaltools.gnu-tools-for-stm32.9-2020-q2-update.win32_2.0.0.202105311346/tools/bin/../lib/gcc/arm-none-eabi/9.3.1/../../../../arm-none-eabi/lib/thumb/v7-m/nofp\libc_nano.a(lib_a-exit.o) (_global_impure_ptr)
d:/hcmut/vxl/stm32cubeide_1.7.0/stm32cubeide/plugins/com.st.stm32cube.ide.mcu.externaltools.gnu-tools-for-stm32.9-2020-q2-update.win32_2.0.0.202105311346/tools/bin/../lib/gcc/arm-none-eabi/9.3.1/../../../../arm-none-eabi/lib/thumb/v7-m/nofp\libc_nano.a(lib_a-init.o)
                              d:/hcmut/vxl/stm32cubeide_1.7.0/stm32cubeide/plugins/com.st.stm32cube.ide.mcu.externaltools.gnu-tools-for-stm32.9-2020-q2-update.win32_2.0.0.202105311346/tools/bin/../lib/gcc/arm-none-eabi/9.3.1/../../../../arm-none-eabi/lib/thumb/v7-m/nofp/crt0.o (__libc_init_array)
d:/hcmut/vxl/stm32cubeide_1.7.0/stm32cubeide/plugins/com.st.stm32cube.ide.mcu.externaltools.gnu-tools-for-stm32.9-2020-q2-update.win32_2.0.0.202105311346/tools/bin/../lib/gcc/arm-none-eabi/9.3.1/../../../../arm-none-eabi/lib/thumb/v7-m/nofp\libc_nano.a(lib_a-memset.o)
                              d:/hcmut/vxl/stm32cubeide_1.7.0/stm32cubeide/plugins/com.st.stm32cube.ide.mcu.externaltools.gnu-tools-for-stm32.9-2020-q2-update.win32_2.0.0.202105311346/tools/bin/../lib/gcc/arm-none-eabi/9.3.1/../../../../arm-none-eabi/lib/thumb/v7-m/nofp/crt0.o (memset)

Allocating common symbols
Common symbol       size              file

current_index_task  0x1               ./Core/Src/scheduler.o
SCH_tasks_G         0x320             ./Core/Src/scheduler.o
timer_counter       0xc               ./Core/Src/software_timer.o
uwTick              0x4               ./Drivers/STM32F1xx_HAL_Driver/Src/stm32f1xx_hal.o
pFlash              0x20              ./Drivers/STM32F1xx_HAL_Driver/Src/stm32f1xx_hal_flash.o
led_buffer          0x10              ./Core/Src/fsm_automatic.o
button_flag         0xc               ./Core/Src/button.o
timerforkeypress    0xc               ./Core/Src/button.o
timer_flag          0xc               ./Core/Src/software_timer.o
htim2               0x48              ./Core/Src/main.o

Discarded input sections

 .text          0x0000000000000000        0x0 d:/hcmut/vxl/stm32cubeide_1.7.0/stm32cubeide/plugins/com.st.stm32cube.ide.mcu.externaltools.gnu-tools-for-stm32.9-2020-q2-update.win32_2.0.0.202105311346/tools/bin/../lib/gcc/arm-none-eabi/9.3.1/thumb/v7-m/nofp/crti.o
 .data          0x0000000000000000        0x0 d:/hcmut/vxl/stm32cubeide_1.7.0/stm32cubeide/plugins/com.st.stm32cube.ide.mcu.externaltools.gnu-tools-for-stm32.9-2020-q2-update.win32_2.0.0.202105311346/tools/bin/../lib/gcc/arm-none-eabi/9.3.1/thumb/v7-m/nofp/crti.o
 .bss           0x0000000000000000        0x0 d:/hcmut/vxl/stm32cubeide_1.7.0/stm32cubeide/plugins/com.st.stm32cube.ide.mcu.externaltools.gnu-tools-for-stm32.9-2020-q2-update.win32_2.0.0.202105311346/tools/bin/../lib/gcc/arm-none-eabi/9.3.1/thumb/v7-m/nofp/crti.o
 .data          0x0000000000000000        0x4 d:/hcmut/vxl/stm32cubeide_1.7.0/stm32cubeide/plugins/com.st.stm32cube.ide.mcu.externaltools.gnu-tools-for-stm32.9-2020-q2-update.win32_2.0.0.202105311346/tools/bin/../lib/gcc/arm-none-eabi/9.3.1/thumb/v7-m/nofp/crtbegin.o
 .text          0x0000000000000000       0x7c d:/hcmut/vxl/stm32cubeide_1.7.0/stm32cubeide/plugins/com.st.stm32cube.ide.mcu.externaltools.gnu-tools-for-stm32.9-2020-q2-update.win32_2.0.0.202105311346/tools/bin/../lib/gcc/arm-none-eabi/9.3.1/../../../../arm-none-eabi/lib/thumb/v7-m/nofp/crt0.o
[...]
Memory Configuration

Name             Origin             Length             Attributes
RAM              0x0000000020000000 0x0000000000002800 xrw
FLASH            0x0000000008000000 0x0000000000008000 xr
*default*        0x0000000000000000 0xffffffffffffffff

Linker script and memory map

LOAD d:/hcmut/vxl/stm32cubeide_1.7.0/stm32cubeide/plugins/com.st.stm32cube.ide.mcu.externaltools.gnu-tools-for-stm32.9-2020-q2-update.win32_2.0.0.202105311346/tools/bin/../lib/gcc/arm-none-eabi/9.3.1/thumb/v7-m/nofp/crti.o
LOAD d:/hcmut/vxl/stm32cubeide_1.7.0/stm32cubeide/plugins/com.st.stm32cube.ide.mcu.externaltools.gnu-tools-for-stm32.9-2020-q2-update.win32_2.0.0.202105311346/tools/bin/../lib/gcc/arm-none-eabi/9.3.1/thumb/v7-m/nofp/crtbegin.o
LOAD d:/hcmut/vxl/stm32cubeide_1.7.0/stm32cubeide/plugins/com.st.stm32cube.ide.mcu.externaltools.gnu-tools-for-stm32.9-2020-q2-update.win32_2.0.0.202105311346/tools/bin/../lib/gcc/arm-none-eabi/9.3.1/../../../../arm-none-eabi/lib/thumb/v7-m/nofp/crt0.o
LOAD ./Core/Src/button.o
LOAD ./Core/Src/fsm_automatic.o
LOAD ./Core/Src/fsm_manual.o
LOAD ./Core/Src/global.o
LOAD ./Core/Src/led7_segment.o
LOAD ./Core/Src/main.o
LOAD ./Core/Src/scheduler.o
LOAD ./Core/Src/software_timer.o
LOAD ./Core/Src/stm32f1xx_hal_msp.o
LOAD ./Core/Src/stm32f1xx_it.o
LOAD ./Core/Src/syscalls.o
LOAD ./Core/Src/sysmem.o
LOAD ./Core/Src/system_stm32f1xx.o
LOAD ./Core/Src/traffic_light.o
LOAD ./Core/Startup/startup_stm32f103c6ux.o
LOAD ./Drivers/STM32F1xx_HAL_Driver/Src/stm32f1xx_hal.o
LOAD ./Drivers/STM32F1xx_HAL_Driver/Src/stm32f1xx_hal_cortex.o
LOAD ./Drivers/STM32F1xx_HAL_Driver/Src/stm32f1xx_hal_dma.o
LOAD ./Drivers/STM32F1xx_HAL_Driver/Src/stm32f1xx_hal_exti.o
LOAD ./Drivers/STM32F1xx_HAL_Driver/Src/stm32f1xx_hal_flash.o
LOAD ./Drivers/STM32F1xx_HAL_Driver/Src/stm32f1xx_hal_flash_ex.o
LOAD ./Drivers/STM32F1xx_HAL_Driver/Src/stm32f1xx_hal_gpio.o
LOAD ./Drivers/STM32F1xx_HAL_Driver/Src/stm32f1xx_hal_gpio_ex.o
LOAD ./Drivers/STM32F1xx_HAL_Driver/Src/stm32f1xx_hal_pwr.o
LOAD ./Drivers/STM32F1xx_HAL_Driver/Src/stm32f1xx_hal_rcc.o
LOAD ./Drivers/STM32F1xx_HAL_Driver/Src/stm32f1xx_hal_rcc_ex.o
LOAD ./Drivers/STM32F1xx_HAL_Driver/Src/stm32f1xx_hal_tim.o
LOAD ./Drivers/STM32F1xx_HAL_Driver/Src/stm32f1xx_hal_tim_ex.o
START GROUP
LOAD d:/hcmut/vxl/stm32cubeide_1.7.0/stm32cubeide/plugins/com.st.stm32cube.ide.mcu.externaltools.gnu-tools-for-stm32.9-2020-q2-update.win32_2.0.0.202105311346/tools/bin/../lib/gcc/arm-none-eabi/9.3.1/../../../../arm-none-eabi/lib/thumb/v7-m/nofp\libc_nano.a
LOAD d:/hcmut/vxl/stm32cubeide_1.7.0/stm32cubeide/plugins/com.st.stm32cube.ide.mcu.externaltools.gnu-tools-for-stm32.9-2020-q2-update.win32_2.0.0.202105311346/tools/bin/../lib/gcc/arm-none-eabi/9.3.1/../../../../arm-none-eabi/lib/thumb/v7-m/nofp\libm.a
END GROUP
START GROUP
LOAD d:/hcmut/vxl/stm32cubeide_1.7.0/stm32cubeide/plugins/com.st.stm32cube.ide.mcu.externaltools.gnu-tools-for-stm32.9-2020-q2-update.win32_2.0.0.202105311346/tools/bin/../lib/gcc/arm-none-eabi/9.3.1/thumb/v7-m/nofp\libgcc.a
LOAD d:/hcmut/vxl/stm32cubeide_1.7.0/stm32cubeide/plugins/com.st.stm32cube.ide.mcu.externaltools.gnu-tools-for-stm32.9-2020-q2-update.win32_2.0.0.202105311346/tools/bin/../lib/gcc/arm-none-eabi/9.3.1/../../../../arm-none-eabi/lib/thumb/v7-m/nofp\libc_nano.a
END GROUP
START GROUP
LOAD d:/hcmut/vxl/stm32cubeide_1.7.0/stm32cubeide/plugins/com.st.stm32cube.ide.mcu.externaltools.gnu-tools-for-stm32.9-2020-q2-update.win32_2.0.0.202105311346/tools/bin/../lib/gcc/arm-none-eabi/9.3.1/thumb/v7-m/nofp\libgcc.a
LOAD d:/hcmut/vxl/stm32cubeide_1.7.0/stm32cubeide/plugins/com.st.stm32cube.ide.mcu.externaltools.gnu-tools-for-stm32.9-2020-q2-update.win32_2.0.0.202105311346/tools/bin/../lib/gcc/arm-none-eabi/9.3.1/../../../../arm-none-eabi/lib/thumb/v7-m/nofp\libc_nano.a
LOAD d:/hcmut/vxl/stm32cubeide_1.7.0/stm32cubeide/plugins/com.st.stm32cube.ide.mcu.externaltools.gnu-tools-for-stm32.9-2020-q2-update.win32_2.0.0.202105311346/tools/bin/../lib/gcc/arm-none-eabi/9.3.1/../../../../arm-none-eabi/lib/thumb/v7-m/nofp\libnosys.a
END GROUP
START GROUP
LOAD d:/hcmut/vxl/stm32cubeide_1.7.0/stm32cubeide/plugins/com.st.stm32cube.ide.mcu.externaltools.gnu-tools-for-stm32.9-2020-q2-update.win32_2.0.0.202105311346/tools/bin/../lib/gcc/arm-none-eabi/9.3.1/thumb/v7-m/nofp\libgcc.a
LOAD d:/hcmut/vxl/stm32cubeide_1.7.0/stm32cubeide/plugins/com.st.stm32cube.ide.mcu.externaltools.gnu-tools-for-stm32.9-2020-q2-update.win32_2.0.0.202105311346/tools/bin/../lib/gcc/arm-none-eabi/9.3.1/../../../../arm-none-eabi/lib/thumb/v7-m/nofp\libc_nano.a
LOAD d:/hcmut/vxl/stm32cubeide_1.7.0/stm32cubeide/plugins/com.st.stm32cube.ide.mcu.externaltools.gnu-tools-for-stm32.9-2020-q2-update.win32_2.0.0.202105311346/tools/bin/../lib/gcc/arm-none-eabi/9.3.1/../../../../arm-none-eabi/lib/thumb/v7-m/nofp\libnosys.a
END GROUP
LOAD d:/hcmut/vxl/stm32cubeide_1.7.0/stm32cubeide/plugins/com.st.stm32cube.ide.mcu.externaltools.gnu-tools-for-stm32.9-2020-q2-update.win32_2.0.0.202105311346/tools/bin/../lib/gcc/arm-none-eabi/9.3.1/thumb/v7-m/nofp/crtend.o
LOAD d:/hcmut/vxl/stm32cubeide_1.7.0/stm32cubeide/plugins/com.st.stm32cube.ide.mcu.externaltools.gnu-tools-for-stm32.9-2020-q2-update.win32_2.0.0.202105311346/tools/bin/../lib/gcc/arm-none-eabi/9.3.1/thumb/v7-m/nofp/crtn.o
                0x0000000020002800                _estack = (ORIGIN (RAM) + LENGTH (RAM))
                0x0000000000000200                _Min_Heap_Size = 0x200
                0x0000000000000400                _Min_Stack_Size = 0x400

.isr_vector     0x0000000008000000      0x10c
                0x0000000008000000                . = ALIGN (0x4)
 *(.isr_vector)
 .isr_vector    0x0000000008000000      0x10c ./Core/Startup/startup_stm32f103c6ux.o
                0x0000000008000000                g_pfnVectors
                0x000000000800010c                . = ALIGN (0x4)

.text           0x000000000800010c     0x2a78
                0x000000000800010c                . = ALIGN (0x4)
 *(.text)
 .text          0x000000000800010c       0x40 d:/hcmut/vxl/stm32cubeide_1.7.0/stm32cubeide/plugins/com.st.stm32cube.ide.mcu.externaltools.gnu-tools-for-stm32.9-2020-q2-update.win32_2.0.0.202105311346/tools/bin/../lib/gcc/arm-none-eabi/9.3.1/thumb/v7-m/nofp/crtbegin.o
 *(.text*)
 .text.is_button_pressed
                0x000000000800014c       0x34 ./Core/Src/button.o
                0x000000000800014c                is_button_pressed
 .text.getKeyInput
                0x0000000008000180      0x13c ./Core/Src/button.o
                0x0000000008000180                getKeyInput
 .text.update_led7seg
                0x00000000080002bc       0x80 ./Core/Src/fsm_automatic.o
                0x00000000080002bc                update_led7seg
 .text.update_led_for_1s
                0x000000000800033c       0x40 ./Core/Src/fsm_automatic.o
                0x000000000800033c                update_led_for_1s
 .text.led7_segRun
                0x000000000800037c      0x19c ./Core/Src/fsm_automatic.o
                0x000000000800037c                led7_segRun
 .text.traffic_lightRun
                0x0000000008000518      0x12c ./Core/Src/fsm_automatic.o
                0x0000000008000518                traffic_lightRun
 .text.fsm_automatic
                0x0000000008000644       0x14 ./Core/Src/fsm_automatic.o
                0x0000000008000644                fsm_automatic
 .text.increase_duration
                0x0000000008000658       0x28 ./Core/Src/fsm_manual.o
                0x0000000008000658                increase_duration
 .text.fsm_manual
                0x0000000008000680      0x394 ./Core/Src/fsm_manual.o
                0x0000000008000680                fsm_manual
 .text.numToLed
                0x0000000008000a14       0x84 ./Core/Src/led7_segment.o
                0x0000000008000a14                numToLed
 .text.ZERO     0x0000000008000a98       0x54 ./Core/Src/led7_segment.o
                0x0000000008000a98                ZERO
 .text.ONE      0x0000000008000aec       0x54 ./Core/Src/led7_segment.o
                0x0000000008000aec                ONE
 .text.TWO      0x0000000008000b40       0x54 ./Core/Src/led7_segment.o
                0x0000000008000b40                TWO
 .text.THREE    0x0000000008000b94       0x54 ./Core/Src/led7_segment.o
                0x0000000008000b94                THREE
 .text.FOUR     0x0000000008000be8       0x54 ./Core/Src/led7_segment.o
                0x0000000008000be8                FOUR
 .text.FIVE     0x0000000008000c3c       0x54 ./Core/Src/led7_segment.o
                0x0000000008000c3c                FIVE
 .text.SIX      0x0000000008000c90       0x54 ./Core/Src/led7_segment.o
                0x0000000008000c90                SIX
 .text.SEVEN    0x0000000008000ce4       0x54 ./Core/Src/led7_segment.o
                0x0000000008000ce4                SEVEN
 .text.EIGHT    0x0000000008000d38       0x54 ./Core/Src/led7_segment.o
                0x0000000008000d38                EIGHT
 .text.NINE     0x0000000008000d8c       0x54 ./Core/Src/led7_segment.o
                0x0000000008000d8c                NINE
 .text.main     0x0000000008000de0       0x54 ./Core/Src/main.o
                0x0000000008000de0                main
 .text.SystemClock_Config
                0x0000000008000e34       0x76 ./Core/Src/main.o
                0x0000000008000e34                SystemClock_Config
 *fill*         0x0000000008000eaa        0x2 
 .text.MX_TIM2_Init
                0x0000000008000eac       0x98 ./Core/Src/main.o
 .text.MX_GPIO_Init
                0x0000000008000f44       0xe0 ./Core/Src/main.o
 .text.HAL_TIM_PeriodElapsedCallback
                0x0000000008001024       0x14 ./Core/Src/main.o
                0x0000000008001024                HAL_TIM_PeriodElapsedCallback
 .text.Error_Handler
                0x0000000008001038        0xa ./Core/Src/main.o
                0x0000000008001038                Error_Handler
 *fill*         0x0000000008001042        0x2 
 .text.SCH_Init
                0x0000000008001044       0x18 ./Core/Src/scheduler.o
                0x0000000008001044                SCH_Init
 .text.SCH_Add_Task
                0x000000000800105c       0xc0 ./Core/Src/scheduler.o
                0x000000000800105c                SCH_Add_Task
 .text.SCH_Update
                0x000000000800111c       0xc0 ./Core/Src/scheduler.o
                0x000000000800111c                SCH_Update
 .text.SCH_Dispatch_Tasks
                0x00000000080011dc       0x84 ./Core/Src/scheduler.o
                0x00000000080011dc                SCH_Dispatch_Tasks
 .text.setTimer
                0x0000000008001260       0x40 ./Core/Src/software_timer.o
                0x0000000008001260                setTimer
 .text.timerRun
                0x00000000080012a0       0x60 ./Core/Src/software_timer.o
                0x00000000080012a0                timerRun
 .text.HAL_MspInit
                0x0000000008001300       0x64 ./Core/Src/stm32f1xx_hal_msp.o
                0x0000000008001300                HAL_MspInit
 .text.HAL_TIM_Base_MspInit
                0x0000000008001364       0x48 ./Core/Src/stm32f1xx_hal_msp.o
                0x0000000008001364                HAL_TIM_Base_MspInit
 .text.NMI_Handler
                0x00000000080013ac        0x6 ./Core/Src/stm32f1xx_it.o
                0x00000000080013ac                NMI_Handler
 .text.HardFault_Handler
                0x00000000080013b2        0x6 ./Core/Src/stm32f1xx_it.o
                0x00000000080013b2                HardFault_Handler
 .text.MemManage_Handler
                0x00000000080013b8        0x6 ./Core/Src/stm32f1xx_it.o
                0x00000000080013b8                MemManage_Handler
 .text.BusFault_Handler
                0x00000000080013be        0x6 ./Core/Src/stm32f1xx_it.o
                0x00000000080013be                BusFault_Handler
 .text.UsageFault_Handler
                0x00000000080013c4        0x6 ./Core/Src/stm32f1xx_it.o
                0x00000000080013c4                UsageFault_Handler
 .text.SVC_Handler
                0x00000000080013ca        0xc ./Core/Src/stm32f1xx_it.o
                0x00000000080013ca                SVC_Handler
 .text.DebugMon_Handler
                0x00000000080013d6        0xc ./Core/Src/stm32f1xx_it.o
                0x00000000080013d6                DebugMon_Handler
 .text.PendSV_Handler
                0x00000000080013e2        0xc ./Core/Src/stm32f1xx_it.o
                0x00000000080013e2                PendSV_Handler
 .text.SysTick_Handler
                0x00000000080013ee        0xc ./Core/Src/stm32f1xx_it.o
                0x00000000080013ee                SysTick_Handler
 *fill*         0x00000000080013fa        0x2 
 .text.TIM2_IRQHandler
                0x00000000080013fc       0x14 ./Core/Src/stm32f1xx_it.o
                0x00000000080013fc                TIM2_IRQHandler
 .text.SystemInit
                0x0000000008001410        0xc ./Core/Src/system_stm32f1xx.o
                0x0000000008001410                SystemInit
 .text.RED_1    0x000000000800141c       0x2c ./Core/Src/traffic_light.o
                0x000000000800141c                RED_1
 .text.GREEN_1  0x0000000008001448       0x2c ./Core/Src/traffic_light.o
                0x0000000008001448                GREEN_1
 .text.YELLOW_1
                0x0000000008001474       0x2c ./Core/Src/traffic_light.o
                0x0000000008001474                YELLOW_1
 .text.RED_2    0x00000000080014a0       0x2c ./Core/Src/traffic_light.o
                0x00000000080014a0                RED_2
 .text.GREEN_2  0x00000000080014cc       0x2c ./Core/Src/traffic_light.o
                0x00000000080014cc                GREEN_2
 .text.YELLOW_2
                0x00000000080014f8       0x2c ./Core/Src/traffic_light.o
                0x00000000080014f8                YELLOW_2
 .text.Reset_Handler
                0x0000000008001524       0x48 ./Core/Startup/startup_stm32f103c6ux.o
                0x0000000008001524                Reset_Handler
 .text.Default_Handler
                0x000000000800156c        0x2 ./Core/Startup/startup_stm32f103c6ux.o
                0x000000000800156c                RTC_Alarm_IRQHandler
                0x000000000800156c                EXTI2_IRQHandler
                0x000000000800156c                TIM1_CC_IRQHandler
                0x000000000800156c                PVD_IRQHandler
                0x000000000800156c                EXTI3_IRQHandler
                0x000000000800156c                EXTI0_IRQHandler
                0x000000000800156c                ADC1_2_IRQHandler
                0x000000000800156c                SPI1_IRQHandler
                0x000000000800156c                TAMPER_IRQHandler
                0x000000000800156c                DMA1_Channel4_IRQHandler
                0x000000000800156c                RTC_IRQHandler
                0x000000000800156c                DMA1_Channel7_IRQHandler
                0x000000000800156c                CAN1_RX1_IRQHandler
                0x000000000800156c                I2C1_EV_IRQHandler
                0x000000000800156c                DMA1_Channel6_IRQHandler
                0x000000000800156c                TIM3_IRQHandler
                0x000000000800156c                RCC_IRQHandler
                0x000000000800156c                TIM1_TRG_COM_IRQHandler
                0x000000000800156c                DMA1_Channel1_IRQHandler
                0x000000000800156c                Default_Handler
                0x000000000800156c                EXTI15_10_IRQHandler
                0x000000000800156c                EXTI9_5_IRQHandler
                0x000000000800156c                DMA1_Channel5_IRQHandler
                0x000000000800156c                EXTI4_IRQHandler
                0x000000000800156c                USB_LP_CAN1_RX0_IRQHandler
                0x000000000800156c                USB_HP_CAN1_TX_IRQHandler
                0x000000000800156c                DMA1_Channel3_IRQHandler
                0x000000000800156c                TIM1_UP_IRQHandler
                0x000000000800156c                WWDG_IRQHandler
                0x000000000800156c                TIM1_BRK_IRQHandler
                0x000000000800156c                EXTI1_IRQHandler
                0x000000000800156c                USART2_IRQHandler
                0x000000000800156c                DMA1_Channel2_IRQHandler
                0x000000000800156c                CAN1_SCE_IRQHandler
                0x000000000800156c                FLASH_IRQHandler
                0x000000000800156c                USART1_IRQHandler
                0x000000000800156c                I2C1_ER_IRQHandler
                0x000000000800156c                USBWakeUp_IRQHandler
 *fill*         0x000000000800156e        0x2 
 .text.HAL_Init
                0x0000000008001570       0x2c ./Drivers/STM32F1xx_HAL_Driver/Src/stm32f1xx_hal.o
                0x0000000008001570                HAL_Init
 .text.HAL_InitTick
                0x000000000800159c       0x60 ./Drivers/STM32F1xx_HAL_Driver/Src/stm32f1xx_hal.o
                0x000000000800159c                HAL_InitTick
 .text.HAL_IncTick
                0x00000000080015fc       0x24 ./Drivers/STM32F1xx_HAL_Driver/Src/stm32f1xx_hal.o
                0x00000000080015fc                HAL_IncTick
 .text.HAL_GetTick
                0x0000000008001620       0x14 ./Drivers/STM32F1xx_HAL_Driver/Src/stm32f1xx_hal.o
                0x0000000008001620                HAL_GetTick
 .text.__NVIC_SetPriorityGrouping
                0x0000000008001634       0x48 ./Drivers/STM32F1xx_HAL_Driver/Src/stm32f1xx_hal_cortex.o
 .text.__NVIC_GetPriorityGrouping
                0x000000000800167c       0x1c ./Drivers/STM32F1xx_HAL_Driver/Src/stm32f1xx_hal_cortex.o
 .text.__NVIC_EnableIRQ
                0x0000000008001698       0x38 ./Drivers/STM32F1xx_HAL_Driver/Src/stm32f1xx_hal_cortex.o
 .text.__NVIC_SetPriority
                0x00000000080016d0       0x54 ./Drivers/STM32F1xx_HAL_Driver/Src/stm32f1xx_hal_cortex.o
 .text.NVIC_EncodePriority
                0x0000000008001724       0x64 ./Drivers/STM32F1xx_HAL_Driver/Src/stm32f1xx_hal_cortex.o
 .text.SysTick_Config
                0x0000000008001788       0x44 ./Drivers/STM32F1xx_HAL_Driver/Src/stm32f1xx_hal_cortex.o
 .text.HAL_NVIC_SetPriorityGrouping
                0x00000000080017cc       0x16 ./Drivers/STM32F1xx_HAL_Driver/Src/stm32f1xx_hal_cortex.o
                0x00000000080017cc                HAL_NVIC_SetPriorityGrouping
 .text.HAL_NVIC_SetPriority
                0x00000000080017e2       0x38 ./Drivers/STM32F1xx_HAL_Driver/Src/stm32f1xx_hal_cortex.o
                0x00000000080017e2                HAL_NVIC_SetPriority
 .text.HAL_NVIC_EnableIRQ
                0x000000000800181a       0x1c ./Drivers/STM32F1xx_HAL_Driver/Src/stm32f1xx_hal_cortex.o
                0x000000000800181a                HAL_NVIC_EnableIRQ
 .text.HAL_SYSTICK_Config
                0x0000000008001836       0x18 ./Drivers/STM32F1xx_HAL_Driver/Src/stm32f1xx_hal_cortex.o
                0x0000000008001836                HAL_SYSTICK_Config
 *fill*         0x000000000800184e        0x2 
 .text.HAL_GPIO_Init
                0x0000000008001850      0x2f4 ./Drivers/STM32F1xx_HAL_Driver/Src/stm32f1xx_hal_gpio.o
                0x0000000008001850                HAL_GPIO_Init
 .text.HAL_GPIO_ReadPin
                0x0000000008001b44       0x2e ./Drivers/STM32F1xx_HAL_Driver/Src/stm32f1xx_hal_gpio.o
                0x0000000008001b44                HAL_GPIO_ReadPin
 .text.HAL_GPIO_WritePin
                0x0000000008001b72       0x30 ./Drivers/STM32F1xx_HAL_Driver/Src/stm32f1xx_hal_gpio.o
                0x0000000008001b72                HAL_GPIO_WritePin
 *fill*         0x0000000008001ba2        0x2 
 .text.HAL_RCC_OscConfig
                0x0000000008001ba4      0x500 ./Drivers/STM32F1xx_HAL_Driver/Src/stm32f1xx_hal_rcc.o
                0x0000000008001ba4                HAL_RCC_OscConfig
 .text.HAL_RCC_ClockConfig
                0x00000000080020a4      0x1d4 ./Drivers/STM32F1xx_HAL_Driver/Src/stm32f1xx_hal_rcc.o
                0x00000000080020a4                HAL_RCC_ClockConfig
 .text.HAL_RCC_GetSysClockFreq
                0x0000000008002278       0xa8 ./Drivers/STM32F1xx_HAL_Driver/Src/stm32f1xx_hal_rcc.o
                0x0000000008002278                HAL_RCC_GetSysClockFreq
 .text.RCC_Delay
                0x0000000008002320       0x3c ./Drivers/STM32F1xx_HAL_Driver/Src/stm32f1xx_hal_rcc.o
 .text.HAL_TIM_Base_Init
                0x000000000800235c       0x9e ./Drivers/STM32F1xx_HAL_Driver/Src/stm32f1xx_hal_tim.o
                0x000000000800235c                HAL_TIM_Base_Init
 *fill*         0x00000000080023fa        0x2 
 .text.HAL_TIM_Base_Start_IT
                0x00000000080023fc       0x98 ./Drivers/STM32F1xx_HAL_Driver/Src/stm32f1xx_hal_tim.o
                0x00000000080023fc                HAL_TIM_Base_Start_IT
 .text.HAL_TIM_IRQHandler
                0x0000000008002494      0x1e0 ./Drivers/STM32F1xx_HAL_Driver/Src/stm32f1xx_hal_tim.o
                0x0000000008002494                HAL_TIM_IRQHandler
 .text.HAL_TIM_ConfigClockSource
                0x0000000008002674      0x18e ./Drivers/STM32F1xx_HAL_Driver/Src/stm32f1xx_hal_tim.o
                0x0000000008002674                HAL_TIM_ConfigClockSource
 .text.HAL_TIM_OC_DelayElapsedCallback
                0x0000000008002802       0x12 ./Drivers/STM32F1xx_HAL_Driver/Src/stm32f1xx_hal_tim.o
                0x0000000008002802                HAL_TIM_OC_DelayElapsedCallback
 .text.HAL_TIM_IC_CaptureCallback
                0x0000000008002814       0x12 ./Drivers/STM32F1xx_HAL_Driver/Src/stm32f1xx_hal_tim.o
                0x0000000008002814                HAL_TIM_IC_CaptureCallback
 .text.HAL_TIM_PWM_PulseFinishedCallback
                0x0000000008002826       0x12 ./Drivers/STM32F1xx_HAL_Driver/Src/stm32f1xx_hal_tim.o
                0x0000000008002826                HAL_TIM_PWM_PulseFinishedCallback
 .text.HAL_TIM_TriggerCallback
                0x0000000008002838       0x12 ./Drivers/STM32F1xx_HAL_Driver/Src/stm32f1xx_hal_tim.o
                0x0000000008002838                HAL_TIM_TriggerCallback
 *fill*         0x000000000800284a        0x2 
 .text.TIM_Base_SetConfig
                0x000000000800284c       0xc8 ./Drivers/STM32F1xx_HAL_Driver/Src/stm32f1xx_hal_tim.o
                0x000000000800284c                TIM_Base_SetConfig
 .text.TIM_TI1_ConfigInputStage
                0x0000000008002914       0x5c ./Drivers/STM32F1xx_HAL_Driver/Src/stm32f1xx_hal_tim.o
 .text.TIM_TI2_ConfigInputStage
                0x0000000008002970       0x5e ./Drivers/STM32F1xx_HAL_Driver/Src/stm32f1xx_hal_tim.o
 .text.TIM_ITRx_SetConfig
                0x00000000080029ce       0x34 ./Drivers/STM32F1xx_HAL_Driver/Src/stm32f1xx_hal_tim.o
 .text.TIM_ETR_SetConfig
                0x0000000008002a02       0x3e ./Drivers/STM32F1xx_HAL_Driver/Src/stm32f1xx_hal_tim.o
                0x0000000008002a02                TIM_ETR_SetConfig
 .text.HAL_TIMEx_MasterConfigSynchronization
                0x0000000008002a40       0xb0 ./Drivers/STM32F1xx_HAL_Driver/Src/stm32f1xx_hal_tim_ex.o
                0x0000000008002a40                HAL_TIMEx_MasterConfigSynchronization
 .text.HAL_TIMEx_CommutCallback
                0x0000000008002af0       0x12 ./Drivers/STM32F1xx_HAL_Driver/Src/stm32f1xx_hal_tim_ex.o
                0x0000000008002af0                HAL_TIMEx_CommutCallback
 .text.HAL_TIMEx_BreakCallback
                0x0000000008002b02       0x12 ./Drivers/STM32F1xx_HAL_Driver/Src/stm32f1xx_hal_tim_ex.o
                0x0000000008002b02                HAL_TIMEx_BreakCallback
 .text.__libc_init_array
                0x0000000008002b14       0x48 d:/hcmut/vxl/stm32cubeide_1.7.0/stm32cubeide/plugins/com.st.stm32cube.ide.mcu.externaltools.gnu-tools-for-stm32.9-2020-q2-update.win32_2.0.0.202105311346/tools/bin/../lib/gcc/arm-none-eabi/9.3.1/../../../../arm-none-eabi/lib/thumb/v7-m/nofp\libc_nano.a(lib_a-init.o)
                0x0000000008002b14                __libc_init_array
 .text.memset   0x0000000008002b5c       0x10 d:/hcmut/vxl/stm32cubeide_1.7.0/stm32cubeide/plugins/com.st.stm32cube.ide.mcu.externaltools.gnu-tools-for-stm32.9-2020-q2-update.win32_2.0.0.202105311346/tools/bin/../lib/gcc/arm-none-eabi/9.3.1/../../../../arm-none-eabi/lib/thumb/v7-m/nofp\libc_nano.a(lib_a-memset.o)
                0x0000000008002b5c                memset
 *(.glue_7)
 .glue_7        0x0000000008002b6c        0x0 linker stubs
 *(.glue_7t)
 .glue_7t       0x0000000008002b6c        0x0 linker stubs
 *(.eh_frame)
 .eh_frame      0x0000000008002b6c        0x0 d:/hcmut/vxl/stm32cubeide_1.7.0/stm32cubeide/plugins/com.st.stm32cube.ide.mcu.externaltools.gnu-tools-for-stm32.9-2020-q2-update.win32_2.0.0.202105311346/tools/bin/../lib/gcc/arm-none-eabi/9.3.1/thumb/v7-m/nofp/crtbegin.o
 *(.init)
 .init          0x0000000008002b6c        0x4 d:/hcmut/vxl/stm32cubeide_1.7.0/stm32cubeide/plugins/com.st.stm32cube.ide.mcu.externaltools.gnu-tools-for-stm32.9-2020-q2-update.win32_2.0.0.202105311346/tools/bin/../lib/gcc/arm-none-eabi/9.3.1/thumb/v7-m/nofp/crti.o
                0x0000000008002b6c                _init
 .init          0x0000000008002b70        0x8 d:/hcmut/vxl/stm32cubeide_1.7.0/stm32cubeide/plugins/com.st.stm32cube.ide.mcu.externaltools.gnu-tools-for-stm32.9-2020-q2-update.win32_2.0.0.202105311346/tools/bin/../lib/gcc/arm-none-eabi/9.3.1/thumb/v7-m/nofp/crtn.o
 *(.fini)
 .fini          0x0000000008002b78        0x4 d:/hcmut/vxl/stm32cubeide_1.7.0/stm32cubeide/plugins/com.st.stm32cube.ide.mcu.externaltools.gnu-tools-for-stm32.9-2020-q2-update.win32_2.0.0.202105311346/tools/bin/../lib/gcc/arm-none-eabi/9.3.1/thumb/v7-m/nofp/crti.o
                0x0000000008002b78                _fini
 .fini          0x0000000008002b7c        0x8 d:/hcmut/vxl/stm32cubeide_1.7.0/stm32cubeide/plugins/com.st.stm32cube.ide.mcu.externaltools.gnu-tools-for-stm32.9-2020-q2-update.win32_2.0.0.202105311346/tools/bin/../lib/gcc/arm-none-eabi/9.3.1/thumb/v7-m/nofp/crtn.o
                0x0000000008002b84                . = ALIGN (0x4)
                0x0000000008002b84                _etext = .

.vfp11_veneer   0x0000000008002b84        0x0
 .vfp11_veneer  0x0000000008002b84        0x0 linker stubs

.v4_bx          0x0000000008002b84        0x0
 .v4_bx         0x0000000008002b84        0x0 linker stubs

.iplt           0x0000000008002b84        0x0
 .iplt          0x0000000008002b84        0x0 d:/hcmut/vxl/stm32cubeide_1.7.0/stm32cubeide/plugins/com.st.stm32cube.ide.mcu.externaltools.gnu-tools-for-stm32.9-2020-q2-update.win32_2.0.0.202105311346/tools/bin/../lib/gcc/arm-none-eabi/9.3.1/thumb/v7-m/nofp/crtbegin.o

.rodata         0x0000000008002b84       0x24
                0x0000000008002b84                . = ALIGN (0x4)
 *(.rodata)
 *(.rodata*)
 .rodata.AHBPrescTable
                0x0000000008002b84       0x10 ./Core/Src/system_stm32f1xx.o
                0x0000000008002b84                AHBPrescTable
 .rodata.aPLLMULFactorTable.6032
                0x0000000008002b94       0x10 ./Drivers/STM32F1xx_HAL_Driver/Src/stm32f1xx_hal_rcc.o
 .rodata.aPredivFactorTable.6033
                0x0000000008002ba4        0x2 ./Drivers/STM32F1xx_HAL_Driver/Src/stm32f1xx_hal_rcc.o
                0x0000000008002ba8                . = ALIGN (0x4)
 *fill*         0x0000000008002ba6        0x2 

.rel.dyn        0x0000000008002ba8        0x0
 .rel.iplt      0x0000000008002ba8        0x0 d:/hcmut/vxl/stm32cubeide_1.7.0/stm32cubeide/plugins/com.st.stm32cube.ide.mcu.externaltools.gnu-tools-for-stm32.9-2020-q2-update.win32_2.0.0.202105311346/tools/bin/../lib/gcc/arm-none-eabi/9.3.1/thumb/v7-m/nofp/crtbegin.o

.ARM.extab      0x0000000008002ba8        0x0
                0x0000000008002ba8                . = ALIGN (0x4)
 *(.ARM.extab* .gnu.linkonce.armextab.*)
                0x0000000008002ba8                . = ALIGN (0x4)

.ARM            0x0000000008002ba8        0x0
                0x0000000008002ba8                . = ALIGN (0x4)
                0x0000000008002ba8                __exidx_start = .
 *(.ARM.exidx*)
                0x0000000008002ba8                __exidx_end = .
                0x0000000008002ba8                . = ALIGN (0x4)

.preinit_array  0x0000000008002ba8        0x0
                0x0000000008002ba8                . = ALIGN (0x4)
                0x0000000008002ba8                PROVIDE (__preinit_array_start = .)
 *(.preinit_array*)
                0x0000000008002ba8                PROVIDE (__preinit_array_end = .)
                0x0000000008002ba8                . = ALIGN (0x4)

.init_array     0x0000000008002ba8        0x4
                0x0000000008002ba8                . = ALIGN (0x4)
                0x0000000008002ba8                PROVIDE (__init_array_start = .)
 *(SORT_BY_NAME(.init_array.*))
 *(.init_array*)
 .init_array    0x0000000008002ba8        0x4 d:/hcmut/vxl/stm32cubeide_1.7.0/stm32cubeide/plugins/com.st.stm32cube.ide.mcu.externaltools.gnu-tools-for-stm32.9-2020-q2-update.win32_2.0.0.202105311346/tools/bin/../lib/gcc/arm-none-eabi/9.3.1/thumb/v7-m/nofp/crtbegin.o
                0x0000000008002bac                PROVIDE (__init_array_end = .)
                0x0000000008002bac                . = ALIGN (0x4)

.fini_array     0x0000000008002bac        0x4
                0x0000000008002bac                . = ALIGN (0x4)
                [!provide]                        PROVIDE (__fini_array_start = .)
 *(SORT_BY_NAME(.fini_array.*))
 *(.fini_array*)
 .fini_array    0x0000000008002bac        0x4 d:/hcmut/vxl/stm32cubeide_1.7.0/stm32cubeide/plugins/com.st.stm32cube.ide.mcu.externaltools.gnu-tools-for-stm32.9-2020-q2-update.win32_2.0.0.202105311346/tools/bin/../lib/gcc/arm-none-eabi/9.3.1/thumb/v7-m/nofp/crtbegin.o
                [!provide]                        PROVIDE (__fini_array_end = .)
                0x0000000008002bb0                . = ALIGN (0x4)
                0x0000000008002bb0                _sidata = LOADADDR (.data)

.data           0x0000000020000000       0x4c load address 0x0000000008002bb0
                0x0000000020000000                . = ALIGN (0x4)
                0x0000000020000000                _sdata = .
 *(.data)
 *(.data*)
 .data.keyReg0  0x0000000020000000        0xc ./Core/Src/button.o
                0x0000000020000000                keyReg0
 .data.keyReg1  0x000000002000000c        0xc ./Core/Src/button.o
                0x000000002000000c                keyReg1
 .data.keyReg2  0x0000000020000018        0xc ./Core/Src/button.o
                0x0000000020000018                keyReg2
 .data.bufferButton
                0x0000000020000024        0xc ./Core/Src/button.o
                0x0000000020000024                bufferButton
 .data.mode     0x0000000020000030        0x4 ./Core/Src/global.o
                0x0000000020000030                mode
 .data.red_duration
                0x0000000020000034        0x4 ./Core/Src/global.o
                0x0000000020000034                red_duration
 .data.green_duration
                0x0000000020000038        0x4 ./Core/Src/global.o
                0x0000000020000038                green_duration
 .data.yellow_duration
                0x000000002000003c        0x4 ./Core/Src/global.o
                0x000000002000003c                yellow_duration
 .data.SystemCoreClock
                0x0000000020000040        0x4 ./Core/Src/system_stm32f1xx.o
                0x0000000020000040                SystemCoreClock
 .data.uwTickPrio
                0x0000000020000044        0x4 ./Drivers/STM32F1xx_HAL_Driver/Src/stm32f1xx_hal.o
                0x0000000020000044                uwTickPrio
 .data.uwTickFreq
                0x0000000020000048        0x1 ./Drivers/STM32F1xx_HAL_Driver/Src/stm32f1xx_hal.o
                0x0000000020000048                uwTickFreq
 *(.RamFunc)
 *(.RamFunc*)
                0x000000002000004c                . = ALIGN (0x4)
 *fill*         0x0000000020000049        0x3 
                0x000000002000004c                _edata = .

.igot.plt       0x000000002000004c        0x0 load address 0x0000000008002bfc
 .igot.plt      0x000000002000004c        0x0 d:/hcmut/vxl/stm32cubeide_1.7.0/stm32cubeide/plugins/com.st.stm32cube.ide.mcu.externaltools.gnu-tools-for-stm32.9-2020-q2-update.win32_2.0.0.202105311346/tools/bin/../lib/gcc/arm-none-eabi/9.3.1/thumb/v7-m/nofp/crtbegin.o
                0x000000002000004c                . = ALIGN (0x4)

.bss            0x000000002000004c      0x3dc load address 0x0000000008002bfc
                0x000000002000004c                _sbss = .
                0x000000002000004c                __bss_start__ = _sbss
 *(.bss)
 .bss           0x000000002000004c       0x1c d:/hcmut/vxl/stm32cubeide_1.7.0/stm32cubeide/plugins/com.st.stm32cube.ide.mcu.externaltools.gnu-tools-for-stm32.9-2020-q2-update.win32_2.0.0.202105311346/tools/bin/../lib/gcc/arm-none-eabi/9.3.1/thumb/v7-m/nofp/crtbegin.o
 *(.bss*)
 .bss.led_status
                0x0000000020000068        0x4 ./Core/Src/global.o
                0x0000000020000068                led_status
 .bss.status    0x000000002000006c        0x4 ./Core/Src/global.o
                0x000000002000006c                status
 .bss.led1_value
                0x0000000020000070        0x4 ./Core/Src/global.o
                0x0000000020000070                led1_value
 .bss.led2_value
                0x0000000020000074        0x4 ./Core/Src/global.o
                0x0000000020000074                led2_value
 *(COMMON)
 COMMON         0x0000000020000078       0x18 ./Core/Src/button.o
                0x0000000020000078                button_flag
                0x0000000020000084                timerforkeypress
 COMMON         0x0000000020000090       0x10 ./Core/Src/fsm_automatic.o
                0x0000000020000090                led_buffer
 COMMON         0x00000000200000a0       0x48 ./Core/Src/main.o
                0x00000000200000a0                htim2
 COMMON         0x00000000200000e8      0x324 ./Core/Src/scheduler.o
                0x00000000200000e8                current_index_task
                0x00000000200000ec                SCH_tasks_G
 COMMON         0x000000002000040c       0x18 ./Core/Src/software_timer.o
                0x000000002000040c                timer_counter
                0x0000000020000418                timer_flag
 COMMON         0x0000000020000424        0x4 ./Drivers/STM32F1xx_HAL_Driver/Src/stm32f1xx_hal.o
                0x0000000020000424                uwTick
                0x0000000020000428                . = ALIGN (0x4)
                0x0000000020000428                _ebss = .
                0x0000000020000428                __bss_end__ = _ebss

._user_heap_stack
                0x0000000020000428      0x600 load address 0x0000000008002bfc
                0x0000000020000428                . = ALIGN (0x8)
                [!provide]                        PROVIDE (end = .)
                0x0000000020000428                PROVIDE (_end = .)
                0x0000000020000628                . = (. + _Min_Heap_Size)
 *fill*         0x0000000020000428      0x200 
                0x0000000020000a28                . = (. + _Min_Stack_Size)
 *fill*         0x0000000020000628      0x400 
                0x0000000020000a28                . = ALIGN (0x8)

/DISCARD/
 libc.a(*)
 libm.a(*)
 libgcc.a(*)

.ARM.attributes
                0x0000000000000000       0x29
 *(.ARM.attributes)
 .ARM.attributes
                0x0000000000000000       0x1d d:/hcmut/vxl/stm32cubeide_1.7.0/stm32cubeide/plugins/com.st.stm32cube.ide.mcu.externaltools.gnu-tools-for-stm32.9-2020-q2-update.win32_2.0.0.202105311346/tools/bin/../lib/gcc/arm-none-eabi/9.3.1/thumb/v7-m/nofp/crti.o
 .ARM.attributes
                0x000000000000001d       0x2d d:/hcmut/vxl/stm32cubeide_1.7.0/stm32cubeide/plugins/com.st.stm32cube.ide.mcu.externaltools.gnu-tools-for-stm32.9-2020-q2-update.win32_2.0.0.202105311346/tools/bin/../lib/gcc/arm-none-eabi/9.3.1/thumb/v7-m/nofp/crtbegin.o
 .ARM.attributes
                0x000000000000004a       0x2d ./Core/Src/button.o
 .ARM.attributes
                0x0000000000000077       0x2d ./Core/Src/fsm_automatic.o
 .ARM.attributes
                0x00000000000000a4       0x2d ./Core/Src/fsm_manual.o
 .ARM.attributes
                0x00000000000000d1       0x33 ./Core/Src/global.o
 .ARM.attributes
                0x0000000000000104       0x2d ./Core/Src/led7_segment.o
 .ARM.attributes
                0x0000000000000131       0x2d ./Core/Src/main.o
 .ARM.attributes
                0x000000000000015e       0x2d ./Core/Src/scheduler.o
 .ARM.attributes
                0x000000000000018b       0x2d ./Core/Src/software_timer.o
 .ARM.attributes
                0x00000000000001b8       0x2d ./Core/Src/stm32f1xx_hal_msp.o
 .ARM.attributes
                0x00000000000001e5       0x2d ./Core/Src/stm32f1xx_it.o
 .ARM.attributes
                0x0000000000000212       0x2d ./Core/Src/system_stm32f1xx.o
 .ARM.attributes
                0x000000000000023f       0x2d ./Core/Src/traffic_light.o
 .ARM.attributes
                0x000000000000026c       0x21 ./Core/Startup/startup_stm32f103c6ux.o
 .ARM.attributes
                0x000000000000028d       0x2d ./Drivers/STM32F1xx_HAL_Driver/Src/stm32f1xx_hal.o
 .ARM.attributes
                0x00000000000002ba       0x2d ./Drivers/STM32F1xx_HAL_Driver/Src/stm32f1xx_hal_cortex.o
 .ARM.attributes
                0x00000000000002e7       0x2d ./Drivers/STM32F1xx_HAL_Driver/Src/stm32f1xx_hal_gpio.o
 .ARM.attributes
                0x0000000000000314       0x2d ./Drivers/STM32F1xx_HAL_Driver/Src/stm32f1xx_hal_rcc.o
 .ARM.attributes
                0x0000000000000341       0x2d ./Drivers/STM32F1xx_HAL_Driver/Src/stm32f1xx_hal_tim.o
 .ARM.attributes
                0x000000000000036e       0x2d ./Drivers/STM32F1xx_HAL_Driver/Src/stm32f1xx_hal_tim_ex.o
 .ARM.attributes
                0x000000000000039b       0x2d d:/hcmut/vxl/stm32cubeide_1.7.0/stm32cubeide/plugins/com.st.stm32cube.ide.mcu.externaltools.gnu-tools-for-stm32.9-2020-q2-update.win32_2.0.0.202105311346/tools/bin/../lib/gcc/arm-none-eabi/9.3.1/../../../../arm-none-eabi/lib/thumb/v7-m/nofp\libc_nano.a(lib_a-init.o)
 .ARM.attributes
                0x00000000000003c8       0x2d d:/hcmut/vxl/stm32cubeide_1.7.0/stm32cubeide/plugins/com.st.stm32cube.ide.mcu.externaltools.gnu-tools-for-stm32.9-2020-q2-update.win32_2.0.0.202105311346/tools/bin/../lib/gcc/arm-none-eabi/9.3.1/../../../../arm-none-eabi/lib/thumb/v7-m/nofp\libc_nano.a(lib_a-memset.o)
 .ARM.attributes
                0x00000000000003f5       0x1d d:/hcmut/vxl/stm32cubeide_1.7.0/stm32cubeide/plugins/com.st.stm32cube.ide.mcu.externaltools.gnu-tools-for-stm32.9-2020-q2-update.win32_2.0.0.202105311346/tools/bin/../lib/gcc/arm-none-eabi/9.3.1/thumb/v7-m/nofp/crtn.o
OUTPUT(LAB4.elf elf32-littlearm)
LOAD linker stubs
LOAD d:/hcmut/vxl/stm32cubeide_1.7.0/stm32cubeide/plugins/com.st.stm32cube.ide.mcu.externaltools.gnu-tools-for-stm32.9-2020-q2-update.win32_2.0.0.202105311346/tools/bin/../lib/gcc/arm-none-eabi/9.3.1/../../../../arm-none-eabi/lib/thumb/v7-m/nofp\libc.a
LOAD d:/hcmut/vxl/stm32cubeide_1.7.0/stm32cubeide/plugins/com.st.stm32cube.ide.mcu.externaltools.gnu-tools-for-stm32.9-2020-q2-update.win32_2.0.0.202105311346/tools/bin/../lib/gcc/arm-none-eabi/9.3.1/../../../../arm-none-eabi/lib/thumb/v7-m/nofp\libm.a
LOAD d:/hcmut/vxl/stm32cubeide_1.7.0/stm32cubeide/plugins/com.st.stm32cube.ide.mcu.externaltools.gnu-tools-for-stm32.9-2020-q2-update.win32_2.0.0.202105311346/tools/bin/../lib/gcc/arm-none-eabi/9.3.1/thumb/v7-m/nofp\libgcc.a

.debug_info     0x0000000000000000     0x9804
 .debug_info    0x0000000000000000      0x318 ./Core/Src/button.o
 .debug_info    0x0000000000000318      0x32c ./Core/Src/fsm_automatic.o
 .debug_info    0x0000000000000644      0x227 ./Core/Src/fsm_manual.o
 .debug_info    0x000000000000086b       0xf9 ./Core/Src/global.o
 .debug_info    0x0000000000000964      0x315 ./Core/Src/led7_segment.o
 .debug_info    0x0000000000000c79      0xc34 ./Core/Src/main.o
 .debug_info    0x00000000000018ad      0x2d1 ./Core/Src/scheduler.o
 .debug_info    0x0000000000001b7e       0xfc ./Core/Src/software_timer.o
 .debug_info    0x0000000000001c7a      0xa09 ./Core/Src/stm32f1xx_hal_msp.o
 .debug_info    0x0000000000002683      0x7b9 ./Core/Src/stm32f1xx_it.o
 .debug_info    0x0000000000002e3c      0x2be ./Core/Src/system_stm32f1xx.o
 .debug_info    0x00000000000030fa      0x299 ./Core/Src/traffic_light.o
 .debug_info    0x0000000000003393       0x22 ./Core/Startup/startup_stm32f103c6ux.o
 .debug_info    0x00000000000033b5      0x74c ./Drivers/STM32F1xx_HAL_Driver/Src/stm32f1xx_hal.o
 .debug_info    0x0000000000003b01      0xbbe ./Drivers/STM32F1xx_HAL_Driver/Src/stm32f1xx_hal_cortex.o
 .debug_info    0x00000000000046bf      0x701 ./Drivers/STM32F1xx_HAL_Driver/Src/stm32f1xx_hal_gpio.o
 .debug_info    0x0000000000004dc0      0x893 ./Drivers/STM32F1xx_HAL_Driver/Src/stm32f1xx_hal_rcc.o
 .debug_info    0x0000000000005653     0x2c32 ./Drivers/STM32F1xx_HAL_Driver/Src/stm32f1xx_hal_tim.o
 .debug_info    0x0000000000008285     0x157f ./Drivers/STM32F1xx_HAL_Driver/Src/stm32f1xx_hal_tim_ex.o

.debug_abbrev   0x0000000000000000     0x1cff
 .debug_abbrev  0x0000000000000000      0x15d ./Core/Src/button.o
 .debug_abbrev  0x000000000000015d      0x12f ./Core/Src/fsm_automatic.o
 .debug_abbrev  0x000000000000028c       0xd3 ./Core/Src/fsm_manual.o
 .debug_abbrev  0x000000000000035f       0x40 ./Core/Src/global.o
 .debug_abbrev  0x000000000000039f      0x142 ./Core/Src/led7_segment.o
 .debug_abbrev  0x00000000000004e1      0x231 ./Core/Src/main.o
 .debug_abbrev  0x0000000000000712      0x16a ./Core/Src/scheduler.o
 .debug_abbrev  0x000000000000087c       0xd8 ./Core/Src/software_timer.o
 .debug_abbrev  0x0000000000000954      0x1b7 ./Core/Src/stm32f1xx_hal_msp.o
 .debug_abbrev  0x0000000000000b0b      0x176 ./Core/Src/stm32f1xx_it.o
 .debug_abbrev  0x0000000000000c81      0x14e ./Core/Src/system_stm32f1xx.o
 .debug_abbrev  0x0000000000000dcf       0xff ./Core/Src/traffic_light.o
 .debug_abbrev  0x0000000000000ece       0x12 ./Core/Startup/startup_stm32f103c6ux.o
 .debug_abbrev  0x0000000000000ee0      0x1ed ./Drivers/STM32F1xx_HAL_Driver/Src/stm32f1xx_hal.o
 .debug_abbrev  0x00000000000010cd      0x313 ./Drivers/STM32F1xx_HAL_Driver/Src/stm32f1xx_hal_cortex.o
 .debug_abbrev  0x00000000000013e0      0x1e8 ./Drivers/STM32F1xx_HAL_Driver/Src/stm32f1xx_hal_gpio.o
 .debug_abbrev  0x00000000000015c8      0x273 ./Drivers/STM32F1xx_HAL_Driver/Src/stm32f1xx_hal_rcc.o
 .debug_abbrev  0x000000000000183b      0x25e ./Drivers/STM32F1xx_HAL_Driver/Src/stm32f1xx_hal_tim.o
 .debug_abbrev  0x0000000000001a99      0x266 ./Drivers/STM32F1xx_HAL_Driver/Src/stm32f1xx_hal_tim_ex.o

.debug_aranges  0x0000000000000000      0xb00
 .debug_aranges
                0x0000000000000000       0x28 ./Core/Src/button.o
 .debug_aranges
                0x0000000000000028       0x40 ./Core/Src/fsm_automatic.o
 .debug_aranges
                0x0000000000000068       0x28 ./Core/Src/fsm_manual.o
 .debug_aranges
                0x0000000000000090       0x18 ./Core/Src/global.o
 .debug_aranges
                0x00000000000000a8       0x78 ./Core/Src/led7_segment.o
 .debug_aranges
                0x0000000000000120       0x48 ./Core/Src/main.o
 .debug_aranges
                0x0000000000000168       0x38 ./Core/Src/scheduler.o
 .debug_aranges
                0x00000000000001a0       0x30 ./Core/Src/software_timer.o
 .debug_aranges
                0x00000000000001d0       0x30 ./Core/Src/stm32f1xx_hal_msp.o
 .debug_aranges
                0x0000000000000200       0x68 ./Core/Src/stm32f1xx_it.o
 .debug_aranges
                0x0000000000000268       0x28 ./Core/Src/system_stm32f1xx.o
 .debug_aranges
                0x0000000000000290       0x48 ./Core/Src/traffic_light.o
 .debug_aranges
                0x00000000000002d8       0x28 ./Core/Startup/startup_stm32f103c6ux.o
 .debug_aranges
                0x0000000000000300       0xe0 ./Drivers/STM32F1xx_HAL_Driver/Src/stm32f1xx_hal.o
 .debug_aranges
                0x00000000000003e0      0x100 ./Drivers/STM32F1xx_HAL_Driver/Src/stm32f1xx_hal_cortex.o
 .debug_aranges
                0x00000000000004e0       0x58 ./Drivers/STM32F1xx_HAL_Driver/Src/stm32f1xx_hal_gpio.o
 .debug_aranges
                0x0000000000000538       0x90 ./Drivers/STM32F1xx_HAL_Driver/Src/stm32f1xx_hal_rcc.o
 .debug_aranges
                0x00000000000005c8      0x3d0 ./Drivers/STM32F1xx_HAL_Driver/Src/stm32f1xx_hal_tim.o
 .debug_aranges
                0x0000000000000998      0x168 ./Drivers/STM32F1xx_HAL_Driver/Src/stm32f1xx_hal_tim_ex.o

.debug_ranges   0x0000000000000000      0x9d0
 .debug_ranges  0x0000000000000000       0x18 ./Core/Src/button.o
 .debug_ranges  0x0000000000000018       0x30 ./Core/Src/fsm_automatic.o
 .debug_ranges  0x0000000000000048       0x18 ./Core/Src/fsm_manual.o
 .debug_ranges  0x0000000000000060       0x68 ./Core/Src/led7_segment.o
 .debug_ranges  0x00000000000000c8       0x38 ./Core/Src/main.o
 .debug_ranges  0x0000000000000100       0x28 ./Core/Src/scheduler.o
 .debug_ranges  0x0000000000000128       0x20 ./Core/Src/software_timer.o
 .debug_ranges  0x0000000000000148       0x20 ./Core/Src/stm32f1xx_hal_msp.o
 .debug_ranges  0x0000000000000168       0x58 ./Core/Src/stm32f1xx_it.o
 .debug_ranges  0x00000000000001c0       0x18 ./Core/Src/system_stm32f1xx.o
 .debug_ranges  0x00000000000001d8       0x38 ./Core/Src/traffic_light.o
 .debug_ranges  0x0000000000000210       0x20 ./Core/Startup/startup_stm32f103c6ux.o
 .debug_ranges  0x0000000000000230       0xd0 ./Drivers/STM32F1xx_HAL_Driver/Src/stm32f1xx_hal.o
 .debug_ranges  0x0000000000000300       0xf0 ./Drivers/STM32F1xx_HAL_Driver/Src/stm32f1xx_hal_cortex.o
 .debug_ranges  0x00000000000003f0       0x48 ./Drivers/STM32F1xx_HAL_Driver/Src/stm32f1xx_hal_gpio.o
 .debug_ranges  0x0000000000000438       0x80 ./Drivers/STM32F1xx_HAL_Driver/Src/stm32f1xx_hal_rcc.o
 .debug_ranges  0x00000000000004b8      0x3c0 ./Drivers/STM32F1xx_HAL_Driver/Src/stm32f1xx_hal_tim.o
 .debug_ranges  0x0000000000000878      0x158 ./Drivers/STM32F1xx_HAL_Driver/Src/stm32f1xx_hal_tim_ex.o

.debug_macro    0x0000000000000000    0x16edf
 .debug_macro   0x0000000000000000      0x1ce ./Core/Src/button.o
 .debug_macro   0x00000000000001ce      0xa9c ./Core/Src/button.o
 .debug_macro   0x0000000000000c6a      0x215 ./Core/Src/button.o
 .debug_macro   0x0000000000000e7f       0x2e ./Core/Src/button.o
 .debug_macro   0x0000000000000ead       0x22 ./Core/Src/button.o
 .debug_macro   0x0000000000000ecf       0x22 ./Core/Src/button.o
 .debug_macro   0x0000000000000ef1       0x8e ./Core/Src/button.o
 .debug_macro   0x0000000000000f7f       0x51 ./Core/Src/button.o
 .debug_macro   0x0000000000000fd0      0x103 ./Core/Src/button.o
 .debug_macro   0x00000000000010d3       0x6a ./Core/Src/button.o
 .debug_macro   0x000000000000113d      0x1df ./Core/Src/button.o
 .debug_macro   0x000000000000131c       0x1c ./Core/Src/button.o
 .debug_macro   0x0000000000001338       0x22 ./Core/Src/button.o
 .debug_macro   0x000000000000135a       0xc3 ./Core/Src/button.o
 .debug_macro   0x000000000000141d      0xd23 ./Core/Src/button.o
 .debug_macro   0x0000000000002140     0xde75 ./Core/Src/button.o
 .debug_macro   0x000000000000ffb5       0x6d ./Core/Src/button.o
 .debug_macro   0x0000000000010022     0x34a2 ./Core/Src/button.o
 .debug_macro   0x00000000000134c4      0x174 ./Core/Src/button.o
 .debug_macro   0x0000000000013638       0x5c ./Core/Src/button.o
 .debug_macro   0x0000000000013694      0x5bc ./Core/Src/button.o
 .debug_macro   0x0000000000013c50      0x1b7 ./Core/Src/button.o
 .debug_macro   0x0000000000013e07      0x1cb ./Core/Src/button.o
 .debug_macro   0x0000000000013fd2      0x114 ./Core/Src/button.o
 .debug_macro   0x00000000000140e6      0x1b2 ./Core/Src/button.o
 .debug_macro   0x0000000000014298       0x27 ./Core/Src/button.o
 .debug_macro   0x00000000000142bf      0x12f ./Core/Src/button.o
 .debug_macro   0x00000000000143ee      0x1bc ./Core/Src/button.o
 .debug_macro   0x00000000000145aa       0x34 ./Core/Src/button.o
 .debug_macro   0x00000000000145de       0x3c ./Core/Src/button.o
 .debug_macro   0x000000000001461a       0x57 ./Core/Src/button.o
 .debug_macro   0x0000000000014671       0x87 ./Core/Src/button.o
 .debug_macro   0x00000000000146f8      0x183 ./Core/Src/button.o
 .debug_macro   0x000000000001487b      0x140 ./Core/Src/button.o
 .debug_macro   0x00000000000149bb      0x8ed ./Core/Src/button.o
 .debug_macro   0x00000000000152a8       0x69 ./Core/Src/button.o
 .debug_macro   0x0000000000015311      0x100 ./Core/Src/button.o
 .debug_macro   0x0000000000015411      0x1d7 ./Core/Src/fsm_automatic.o
 .debug_macro   0x00000000000155e8       0x70 ./Core/Src/fsm_automatic.o
 .debug_macro   0x0000000000015658      0x1f1 ./Core/Src/fsm_manual.o
 .debug_macro   0x0000000000015849       0x1a ./Core/Src/global.o
 .debug_macro   0x0000000000015863      0x1b0 ./Core/Src/led7_segment.o
 .debug_macro   0x0000000000015a13      0x210 ./Core/Src/main.o
 .debug_macro   0x0000000000015c23       0x10 ./Core/Src/main.o
 .debug_macro   0x0000000000015c33      0x1bc ./Core/Src/scheduler.o
 .debug_macro   0x0000000000015def       0x27 ./Core/Src/software_timer.o
 .debug_macro   0x0000000000015e16      0x1a6 ./Core/Src/stm32f1xx_hal_msp.o
 .debug_macro   0x0000000000015fbc      0x1b0 ./Core/Src/stm32f1xx_it.o
 .debug_macro   0x000000000001616c      0x197 ./Core/Src/system_stm32f1xx.o
 .debug_macro   0x0000000000016303      0x1b0 ./Core/Src/traffic_light.o
 .debug_macro   0x00000000000164b3      0x1bb ./Drivers/STM32F1xx_HAL_Driver/Src/stm32f1xx_hal.o
 .debug_macro   0x000000000001666e      0x197 ./Drivers/STM32F1xx_HAL_Driver/Src/stm32f1xx_hal_cortex.o
 .debug_macro   0x0000000000016805      0x202 ./Drivers/STM32F1xx_HAL_Driver/Src/stm32f1xx_hal_gpio.o
 .debug_macro   0x0000000000016a07      0x1a9 ./Drivers/STM32F1xx_HAL_Driver/Src/stm32f1xx_hal_rcc.o
 .debug_macro   0x0000000000016bb0      0x198 ./Drivers/STM32F1xx_HAL_Driver/Src/stm32f1xx_hal_tim.o
 .debug_macro   0x0000000000016d48      0x197 ./Drivers/STM32F1xx_HAL_Driver/Src/stm32f1xx_hal_tim_ex.o

.debug_line     0x0000000000000000     0xc436
 .debug_line    0x0000000000000000      0x740 ./Core/Src/button.o
 .debug_line    0x0000000000000740      0x82b ./Core/Src/fsm_automatic.o
 .debug_line    0x0000000000000f6b      0x8d0 ./Core/Src/fsm_manual.o
 .debug_line    0x000000000000183b       0x4d ./Core/Src/global.o
 .debug_line    0x0000000000001888      0x7e9 ./Core/Src/led7_segment.o
 .debug_line    0x0000000000002071      0x81b ./Core/Src/main.o
 .debug_line    0x000000000000288c      0x74b ./Core/Src/scheduler.o
 .debug_line    0x0000000000002fd7       0xcf ./Core/Src/software_timer.o
 .debug_line    0x00000000000030a6      0x6bd ./Core/Src/stm32f1xx_hal_msp.o
 .debug_line    0x0000000000003763      0x75b ./Core/Src/stm32f1xx_it.o
 .debug_line    0x0000000000003ebe      0x6ff ./Core/Src/system_stm32f1xx.o
 .debug_line    0x00000000000045bd      0x70d ./Core/Src/traffic_light.o
 .debug_line    0x0000000000004cca       0x86 ./Core/Startup/startup_stm32f103c6ux.o
 .debug_line    0x0000000000004d50      0x92c ./Drivers/STM32F1xx_HAL_Driver/Src/stm32f1xx_hal.o
 .debug_line    0x000000000000567c      0xb14 ./Drivers/STM32F1xx_HAL_Driver/Src/stm32f1xx_hal_cortex.o
 .debug_line    0x0000000000006190      0x9af ./Drivers/STM32F1xx_HAL_Driver/Src/stm32f1xx_hal_gpio.o
 .debug_line    0x0000000000006b3f      0xd38 ./Drivers/STM32F1xx_HAL_Driver/Src/stm32f1xx_hal_rcc.o
 .debug_line    0x0000000000007877     0x337d ./Drivers/STM32F1xx_HAL_Driver/Src/stm32f1xx_hal_tim.o
 .debug_line    0x000000000000abf4     0x1842 ./Drivers/STM32F1xx_HAL_Driver/Src/stm32f1xx_hal_tim_ex.o

.debug_str      0x0000000000000000    0x82513
 .debug_str     0x0000000000000000    0x7f80c ./Core/Src/button.o
                                      0x7fb87 (size before relaxing)
 .debug_str     0x000000000007f80c      0x1e3 ./Core/Src/fsm_automatic.o
                                      0x7fc7c (size before relaxing)
 .debug_str     0x000000000007f9ef       0x49 ./Core/Src/fsm_manual.o
                                      0x7fc40 (size before relaxing)
 .debug_str     0x000000000007fa38       0x15 ./Core/Src/global.o
                                       0x2e65 (size before relaxing)
 .debug_str     0x000000000007fa4d       0x4b ./Core/Src/led7_segment.o
                                      0x7faf0 (size before relaxing)
 .debug_str     0x000000000007fa98      0x702 ./Core/Src/main.o
                                      0x8040b (size before relaxing)
 .debug_str     0x000000000008019a       0x95 ./Core/Src/scheduler.o
                                      0x7fb2e (size before relaxing)
 .debug_str     0x000000000008022f       0x48 ./Core/Src/software_timer.o
                                       0x2dde (size before relaxing)
 .debug_str     0x0000000000080277      0x2ba ./Core/Src/stm32f1xx_hal_msp.o
                                      0x8027f (size before relaxing)
 .debug_str     0x0000000000080531       0xcd ./Core/Src/stm32f1xx_it.o
                                      0x7ffe1 (size before relaxing)
 .debug_str     0x00000000000805fe       0x52 ./Core/Src/system_stm32f1xx.o
                                      0x7f762 (size before relaxing)
 .debug_str     0x0000000000080650       0x4a ./Core/Src/traffic_light.o
                                      0x7faeb (size before relaxing)
 .debug_str     0x000000000008069a       0x36 ./Core/Startup/startup_stm32f103c6ux.o
                                         0x56 (size before relaxing)
 .debug_str     0x00000000000806d0      0x304 ./Drivers/STM32F1xx_HAL_Driver/Src/stm32f1xx_hal.o
                                      0x7fdb9 (size before relaxing)
 .debug_str     0x00000000000809d4      0x300 ./Drivers/STM32F1xx_HAL_Driver/Src/stm32f1xx_hal_cortex.o
                                      0x7fdc1 (size before relaxing)
 .debug_str     0x0000000000080cd4      0x324 ./Drivers/STM32F1xx_HAL_Driver/Src/stm32f1xx_hal_gpio.o
                                      0x7fb26 (size before relaxing)
 .debug_str     0x0000000000080ff8      0x24f ./Drivers/STM32F1xx_HAL_Driver/Src/stm32f1xx_hal_rcc.o
                                      0x7fb5f (size before relaxing)
 .debug_str     0x0000000000081247      0xdde ./Drivers/STM32F1xx_HAL_Driver/Src/stm32f1xx_hal_tim.o
                                      0x80b48 (size before relaxing)
 .debug_str     0x0000000000082025      0x4ee ./Drivers/STM32F1xx_HAL_Driver/Src/stm32f1xx_hal_tim_ex.o
                                      0x802e9 (size before relaxing)

.comment        0x0000000000000000       0x53
 .comment       0x0000000000000000       0x53 ./Core/Src/button.o
                                         0x54 (size before relaxing)
 .comment       0x0000000000000053       0x54 ./Core/Src/fsm_automatic.o
 .comment       0x0000000000000053       0x54 ./Core/Src/fsm_manual.o
 .comment       0x0000000000000053       0x54 ./Core/Src/global.o
 .comment       0x0000000000000053       0x54 ./Core/Src/led7_segment.o
 .comment       0x0000000000000053       0x54 ./Core/Src/main.o
 .comment       0x0000000000000053       0x54 ./Core/Src/scheduler.o
 .comment       0x0000000000000053       0x54 ./Core/Src/software_timer.o
 .comment       0x0000000000000053       0x54 ./Core/Src/stm32f1xx_hal_msp.o
 .comment       0x0000000000000053       0x54 ./Core/Src/stm32f1xx_it.o
 .comment       0x0000000000000053       0x54 ./Core/Src/system_stm32f1xx.o
 .comment       0x0000000000000053       0x54 ./Core/Src/traffic_light.o
 .comment       0x0000000000000053       0x54 ./Drivers/STM32F1xx_HAL_Driver/Src/stm32f1xx_hal.o
 .comment       0x0000000000000053       0x54 ./Drivers/STM32F1xx_HAL_Driver/Src/stm32f1xx_hal_cortex.o
 .comment       0x0000000000000053       0x54 ./Drivers/STM32F1xx_HAL_Driver/Src/stm32f1xx_hal_gpio.o
 .comment       0x0000000000000053       0x54 ./Drivers/STM32F1xx_HAL_Driver/Src/stm32f1xx_hal_rcc.o
 .comment       0x0000000000000053       0x54 ./Drivers/STM32F1xx_HAL_Driver/Src/stm32f1xx_hal_tim.o
 .comment       0x0000000000000053       0x54 ./Drivers/STM32F1xx_HAL_Driver/Src/stm32f1xx_hal_tim_ex.o

.debug_frame    0x0000000000000000     0x2a58
 .debug_frame   0x0000000000000000       0x5c ./Core/Src/button.o
 .debug_frame   0x000000000000005c       0xa0 ./Core/Src/fsm_automatic.o
 .debug_frame   0x00000000000000fc       0x4c ./Core/Src/fsm_manual.o
 .debug_frame   0x0000000000000148      0x168 ./Core/Src/led7_segment.o
 .debug_frame   0x00000000000002b0       0xd4 ./Core/Src/main.o
 .debug_frame   0x0000000000000384       0xa4 ./Core/Src/scheduler.o
 .debug_frame   0x0000000000000428       0x88 ./Core/Src/software_timer.o
 .debug_frame   0x00000000000004b0       0x80 ./Core/Src/stm32f1xx_hal_msp.o
 .debug_frame   0x0000000000000530      0x120 ./Core/Src/stm32f1xx_it.o
 .debug_frame   0x0000000000000650       0x58 ./Core/Src/system_stm32f1xx.o
 .debug_frame   0x00000000000006a8       0xb8 ./Core/Src/traffic_light.o
 .debug_frame   0x0000000000000760      0x334 ./Drivers/STM32F1xx_HAL_Driver/Src/stm32f1xx_hal.o
 .debug_frame   0x0000000000000a94      0x428 ./Drivers/STM32F1xx_HAL_Driver/Src/stm32f1xx_hal_cortex.o
 .debug_frame   0x0000000000000ebc      0x14c ./Drivers/STM32F1xx_HAL_Driver/Src/stm32f1xx_hal_gpio.o
 .debug_frame   0x0000000000001008      0x218 ./Drivers/STM32F1xx_HAL_Driver/Src/stm32f1xx_hal_rcc.o
 .debug_frame   0x0000000000001220     0x11b4 ./Drivers/STM32F1xx_HAL_Driver/Src/stm32f1xx_hal_tim.o
 .debug_frame   0x00000000000023d4      0x638 ./Drivers/STM32F1xx_HAL_Driver/Src/stm32f1xx_hal_tim_ex.o
 .debug_frame   0x0000000000002a0c       0x2c d:/hcmut/vxl/stm32cubeide_1.7.0/stm32cubeide/plugins/com.st.stm32cube.ide.mcu.externaltools.gnu-tools-for-stm32.9-2020-q2-update.win32_2.0.0.202105311346/tools/bin/../lib/gcc/arm-none-eabi/9.3.1/../../../../arm-none-eabi/lib/thumb/v7-m/nofp\libc_nano.a(lib_a-init.o)
 .debug_frame   0x0000000000002a38       0x20 d:/hcmut/vxl/stm32cubeide_1.7.0/stm32cubeide/plugins/com.st.stm32cube.ide.mcu.externaltools.gnu-tools-for-stm32.9-2020-q2-update.win32_2.0.0.202105311346/tools/bin/../lib/gcc/arm-none-eabi/9.3.1/../../../../arm-none-eabi/lib/thumb/v7-m/nofp\libc_nano.a(lib_a-memset.o)
